Archive member included to satisfy reference by file (symbol)

/home/raul/Ac6/SystemWorkbench/plugins/fr.ac6.mcu.externaltools.arm-none.linux64_1.16.0.201807130628/tools/compiler/bin/../lib/gcc/arm-none-eabi/7.2.1/../../../../arm-none-eabi/lib/thumb/v7-m/libc_nano.a(lib_a-exit.o)
                              /home/raul/Ac6/SystemWorkbench/plugins/fr.ac6.mcu.externaltools.arm-none.linux64_1.16.0.201807130628/tools/compiler/bin/../lib/gcc/arm-none-eabi/7.2.1/../../../../arm-none-eabi/lib/thumb/v7-m/crt0.o (exit)
/home/raul/Ac6/SystemWorkbench/plugins/fr.ac6.mcu.externaltools.arm-none.linux64_1.16.0.201807130628/tools/compiler/bin/../lib/gcc/arm-none-eabi/7.2.1/../../../../arm-none-eabi/lib/thumb/v7-m/libc_nano.a(lib_a-impure.o)
                              /home/raul/Ac6/SystemWorkbench/plugins/fr.ac6.mcu.externaltools.arm-none.linux64_1.16.0.201807130628/tools/compiler/bin/../lib/gcc/arm-none-eabi/7.2.1/../../../../arm-none-eabi/lib/thumb/v7-m/libc_nano.a(lib_a-exit.o) (_global_impure_ptr)
/home/raul/Ac6/SystemWorkbench/plugins/fr.ac6.mcu.externaltools.arm-none.linux64_1.16.0.201807130628/tools/compiler/bin/../lib/gcc/arm-none-eabi/7.2.1/../../../../arm-none-eabi/lib/thumb/v7-m/libc_nano.a(lib_a-init.o)
                              /home/raul/Ac6/SystemWorkbench/plugins/fr.ac6.mcu.externaltools.arm-none.linux64_1.16.0.201807130628/tools/compiler/bin/../lib/gcc/arm-none-eabi/7.2.1/../../../../arm-none-eabi/lib/thumb/v7-m/crt0.o (__libc_init_array)
/home/raul/Ac6/SystemWorkbench/plugins/fr.ac6.mcu.externaltools.arm-none.linux64_1.16.0.201807130628/tools/compiler/bin/../lib/gcc/arm-none-eabi/7.2.1/../../../../arm-none-eabi/lib/thumb/v7-m/libc_nano.a(lib_a-memset.o)
                              /home/raul/Ac6/SystemWorkbench/plugins/fr.ac6.mcu.externaltools.arm-none.linux64_1.16.0.201807130628/tools/compiler/bin/../lib/gcc/arm-none-eabi/7.2.1/../../../../arm-none-eabi/lib/thumb/v7-m/crt0.o (memset)
/home/raul/Ac6/SystemWorkbench/plugins/fr.ac6.mcu.externaltools.arm-none.linux64_1.16.0.201807130628/tools/compiler/bin/../lib/gcc/arm-none-eabi/7.2.1/../../../../arm-none-eabi/lib/thumb/v7-m/libnosys.a(_exit.o)
                              /home/raul/Ac6/SystemWorkbench/plugins/fr.ac6.mcu.externaltools.arm-none.linux64_1.16.0.201807130628/tools/compiler/bin/../lib/gcc/arm-none-eabi/7.2.1/../../../../arm-none-eabi/lib/thumb/v7-m/libc_nano.a(lib_a-exit.o) (_exit)

Allocating common symbols
Common symbol       size              file

hd44780             0x10              Src/main.o
uwTick              0x4               Drivers/STM32F1xx_HAL_Driver/Src/stm32f1xx_hal.o
pFlash              0x20              Drivers/STM32F1xx_HAL_Driver/Src/stm32f1xx_hal_flash.o

Discarded input sections

 .text          0x0000000000000000        0x0 /home/raul/Ac6/SystemWorkbench/plugins/fr.ac6.mcu.externaltools.arm-none.linux64_1.16.0.201807130628/tools/compiler/bin/../lib/gcc/arm-none-eabi/7.2.1/thumb/v7-m/crti.o
 .data          0x0000000000000000        0x0 /home/raul/Ac6/SystemWorkbench/plugins/fr.ac6.mcu.externaltools.arm-none.linux64_1.16.0.201807130628/tools/compiler/bin/../lib/gcc/arm-none-eabi/7.2.1/thumb/v7-m/crti.o
 .bss           0x0000000000000000        0x0 /home/raul/Ac6/SystemWorkbench/plugins/fr.ac6.mcu.externaltools.arm-none.linux64_1.16.0.201807130628/tools/compiler/bin/../lib/gcc/arm-none-eabi/7.2.1/thumb/v7-m/crti.o
 .data          0x0000000000000000        0x4 /home/raul/Ac6/SystemWorkbench/plugins/fr.ac6.mcu.externaltools.arm-none.linux64_1.16.0.201807130628/tools/compiler/bin/../lib/gcc/arm-none-eabi/7.2.1/thumb/v7-m/crtbegin.o
 .text          0x0000000000000000       0x74 /home/raul/Ac6/SystemWorkbench/plugins/fr.ac6.mcu.externaltools.arm-none.linux64_1.16.0.201807130628/tools/compiler/bin/../lib/gcc/arm-none-eabi/7.2.1/../../../../arm-none-eabi/lib/thumb/v7-m/crt0.o
 .data          0x0000000000000000        0x0 /home/raul/Ac6/SystemWorkbench/plugins/fr.ac6.mcu.externaltools.arm-none.linux64_1.16.0.201807130628/tools/compiler/bin/../lib/gcc/arm-none-eabi/7.2.1/../../../../arm-none-eabi/lib/thumb/v7-m/crt0.o
 .bss           0x0000000000000000        0x0 /home/raul/Ac6/SystemWorkbench/plugins/fr.ac6.mcu.externaltools.arm-none.linux64_1.16.0.201807130628/tools/compiler/bin/../lib/gcc/arm-none-eabi/7.2.1/../../../../arm-none-eabi/lib/thumb/v7-m/crt0.o
 .ARM.extab     0x0000000000000000        0x0 /home/raul/Ac6/SystemWorkbench/plugins/fr.ac6.mcu.externaltools.arm-none.linux64_1.16.0.201807130628/tools/compiler/bin/../lib/gcc/arm-none-eabi/7.2.1/../../../../arm-none-eabi/lib/thumb/v7-m/crt0.o
 .ARM.exidx     0x0000000000000000        0x8 /home/raul/Ac6/SystemWorkbench/plugins/fr.ac6.mcu.externaltools.arm-none.linux64_1.16.0.201807130628/tools/compiler/bin/../lib/gcc/arm-none-eabi/7.2.1/../../../../arm-none-eabi/lib/thumb/v7-m/crt0.o
 .ARM.attributes
[...]
Memory Configuration

Name             Origin             Length             Attributes
RAM              0x0000000020000000 0x0000000000005000 xrw
FLASH            0x0000000008000000 0x0000000000010000 xr
*default*        0x0000000000000000 0xffffffffffffffff

Linker script and memory map

LOAD /home/raul/Ac6/SystemWorkbench/plugins/fr.ac6.mcu.externaltools.arm-none.linux64_1.16.0.201807130628/tools/compiler/bin/../lib/gcc/arm-none-eabi/7.2.1/thumb/v7-m/crti.o
LOAD /home/raul/Ac6/SystemWorkbench/plugins/fr.ac6.mcu.externaltools.arm-none.linux64_1.16.0.201807130628/tools/compiler/bin/../lib/gcc/arm-none-eabi/7.2.1/thumb/v7-m/crtbegin.o
LOAD /home/raul/Ac6/SystemWorkbench/plugins/fr.ac6.mcu.externaltools.arm-none.linux64_1.16.0.201807130628/tools/compiler/bin/../lib/gcc/arm-none-eabi/7.2.1/../../../../arm-none-eabi/lib/thumb/v7-m/crt0.o
LOAD Drivers/STM32F1xx_HAL_Driver/Src/stm32f1xx_hal.o
LOAD Drivers/STM32F1xx_HAL_Driver/Src/stm32f1xx_hal_cortex.o
LOAD Drivers/STM32F1xx_HAL_Driver/Src/stm32f1xx_hal_dma.o
LOAD Drivers/STM32F1xx_HAL_Driver/Src/stm32f1xx_hal_flash.o
LOAD Drivers/STM32F1xx_HAL_Driver/Src/stm32f1xx_hal_flash_ex.o
LOAD Drivers/STM32F1xx_HAL_Driver/Src/stm32f1xx_hal_gpio.o
LOAD Drivers/STM32F1xx_HAL_Driver/Src/stm32f1xx_hal_gpio_ex.o
LOAD Drivers/STM32F1xx_HAL_Driver/Src/stm32f1xx_hal_pwr.o
LOAD Drivers/STM32F1xx_HAL_Driver/Src/stm32f1xx_hal_rcc.o
LOAD Drivers/STM32F1xx_HAL_Driver/Src/stm32f1xx_hal_rcc_ex.o
LOAD Drivers/STM32F1xx_HAL_Driver/Src/stm32f1xx_hal_tim.o
LOAD Drivers/STM32F1xx_HAL_Driver/Src/stm32f1xx_hal_tim_ex.o
LOAD Src/HD44780.o
LOAD Src/gpio.o
LOAD Src/main.o
LOAD Src/port.o
LOAD Src/stm32f1xx_hal_msp.o
LOAD Src/stm32f1xx_it.o
LOAD Src/system_stm32f1xx.o
LOAD startup/startup_stm32f103xb.o
LOAD /home/raul/Ac6/SystemWorkbench/plugins/fr.ac6.mcu.externaltools.arm-none.linux64_1.16.0.201807130628/tools/compiler/bin/../lib/gcc/arm-none-eabi/7.2.1/../../../../arm-none-eabi/lib/thumb/v7-m/libm.a
START GROUP
LOAD /home/raul/Ac6/SystemWorkbench/plugins/fr.ac6.mcu.externaltools.arm-none.linux64_1.16.0.201807130628/tools/compiler/bin/../lib/gcc/arm-none-eabi/7.2.1/thumb/v7-m/libgcc.a
LOAD /home/raul/Ac6/SystemWorkbench/plugins/fr.ac6.mcu.externaltools.arm-none.linux64_1.16.0.201807130628/tools/compiler/bin/../lib/gcc/arm-none-eabi/7.2.1/../../../../arm-none-eabi/lib/thumb/v7-m/libc_nano.a
END GROUP
START GROUP
LOAD /home/raul/Ac6/SystemWorkbench/plugins/fr.ac6.mcu.externaltools.arm-none.linux64_1.16.0.201807130628/tools/compiler/bin/../lib/gcc/arm-none-eabi/7.2.1/thumb/v7-m/libgcc.a
LOAD /home/raul/Ac6/SystemWorkbench/plugins/fr.ac6.mcu.externaltools.arm-none.linux64_1.16.0.201807130628/tools/compiler/bin/../lib/gcc/arm-none-eabi/7.2.1/../../../../arm-none-eabi/lib/thumb/v7-m/libc_nano.a
LOAD /home/raul/Ac6/SystemWorkbench/plugins/fr.ac6.mcu.externaltools.arm-none.linux64_1.16.0.201807130628/tools/compiler/bin/../lib/gcc/arm-none-eabi/7.2.1/../../../../arm-none-eabi/lib/thumb/v7-m/libnosys.a
END GROUP
START GROUP
LOAD /home/raul/Ac6/SystemWorkbench/plugins/fr.ac6.mcu.externaltools.arm-none.linux64_1.16.0.201807130628/tools/compiler/bin/../lib/gcc/arm-none-eabi/7.2.1/thumb/v7-m/libgcc.a
LOAD /home/raul/Ac6/SystemWorkbench/plugins/fr.ac6.mcu.externaltools.arm-none.linux64_1.16.0.201807130628/tools/compiler/bin/../lib/gcc/arm-none-eabi/7.2.1/../../../../arm-none-eabi/lib/thumb/v7-m/libc_nano.a
LOAD /home/raul/Ac6/SystemWorkbench/plugins/fr.ac6.mcu.externaltools.arm-none.linux64_1.16.0.201807130628/tools/compiler/bin/../lib/gcc/arm-none-eabi/7.2.1/../../../../arm-none-eabi/lib/thumb/v7-m/libnosys.a
END GROUP
LOAD /home/raul/Ac6/SystemWorkbench/plugins/fr.ac6.mcu.externaltools.arm-none.linux64_1.16.0.201807130628/tools/compiler/bin/../lib/gcc/arm-none-eabi/7.2.1/thumb/v7-m/crtend.o
LOAD /home/raul/Ac6/SystemWorkbench/plugins/fr.ac6.mcu.externaltools.arm-none.linux64_1.16.0.201807130628/tools/compiler/bin/../lib/gcc/arm-none-eabi/7.2.1/thumb/v7-m/crtn.o
                0x0000000020005000                _estack = 0x20005000
                0x0000000000000200                _Min_Heap_Size = 0x200
                0x0000000000000400                _Min_Stack_Size = 0x400

.isr_vector     0x0000000008000000      0x10c
                0x0000000008000000                . = ALIGN (0x4)
 *(.isr_vector)
 .isr_vector    0x0000000008000000      0x10c startup/startup_stm32f103xb.o
                0x0000000008000000                g_pfnVectors
                0x000000000800010c                . = ALIGN (0x4)

.text           0x000000000800010c      0xf7c
                0x000000000800010c                . = ALIGN (0x4)
 *(.text)
 .text          0x000000000800010c       0x40 /home/raul/Ac6/SystemWorkbench/plugins/fr.ac6.mcu.externaltools.arm-none.linux64_1.16.0.201807130628/tools/compiler/bin/../lib/gcc/arm-none-eabi/7.2.1/thumb/v7-m/crtbegin.o
 *(.text*)
 .text.HAL_InitTick
                0x000000000800014c       0x48 Drivers/STM32F1xx_HAL_Driver/Src/stm32f1xx_hal.o
                0x000000000800014c                HAL_InitTick
 .text.HAL_Init
                0x0000000008000194       0x24 Drivers/STM32F1xx_HAL_Driver/Src/stm32f1xx_hal.o
                0x0000000008000194                HAL_Init
 .text.HAL_IncTick
                0x00000000080001b8       0x18 Drivers/STM32F1xx_HAL_Driver/Src/stm32f1xx_hal.o
                0x00000000080001b8                HAL_IncTick
 .text.HAL_GetTick
                0x00000000080001d0        0xc Drivers/STM32F1xx_HAL_Driver/Src/stm32f1xx_hal.o
                0x00000000080001d0                HAL_GetTick
 .text.HAL_NVIC_SetPriorityGrouping
                0x00000000080001dc       0x24 Drivers/STM32F1xx_HAL_Driver/Src/stm32f1xx_hal_cortex.o
                0x00000000080001dc                HAL_NVIC_SetPriorityGrouping
 .text.HAL_NVIC_SetPriority
                0x0000000008000200       0x68 Drivers/STM32F1xx_HAL_Driver/Src/stm32f1xx_hal_cortex.o
                0x0000000008000200                HAL_NVIC_SetPriority
 .text.HAL_SYSTICK_Config
                0x0000000008000268       0x2c Drivers/STM32F1xx_HAL_Driver/Src/stm32f1xx_hal_cortex.o
                0x0000000008000268                HAL_SYSTICK_Config
 .text.HAL_GPIO_Init
                0x0000000008000294      0x1d4 Drivers/STM32F1xx_HAL_Driver/Src/stm32f1xx_hal_gpio.o
                0x0000000008000294                HAL_GPIO_Init
 .text.HAL_GPIO_WritePin
                0x0000000008000468        0xc Drivers/STM32F1xx_HAL_Driver/Src/stm32f1xx_hal_gpio.o
                0x0000000008000468                HAL_GPIO_WritePin
 .text.RCC_Delay
                0x0000000008000474       0x2c Drivers/STM32F1xx_HAL_Driver/Src/stm32f1xx_hal_rcc.o
 .text.HAL_RCC_OscConfig
                0x00000000080004a0      0x3dc Drivers/STM32F1xx_HAL_Driver/Src/stm32f1xx_hal_rcc.o
                0x00000000080004a0                HAL_RCC_OscConfig
 .text.HAL_RCC_GetSysClockFreq
                0x000000000800087c       0x70 Drivers/STM32F1xx_HAL_Driver/Src/stm32f1xx_hal_rcc.o
                0x000000000800087c                HAL_RCC_GetSysClockFreq
 .text.HAL_RCC_ClockConfig
                0x00000000080008ec      0x19c Drivers/STM32F1xx_HAL_Driver/Src/stm32f1xx_hal_rcc.o
                0x00000000080008ec                HAL_RCC_ClockConfig
 .text.HAL_RCC_GetHCLKFreq
                0x0000000008000a88        0xc Drivers/STM32F1xx_HAL_Driver/Src/stm32f1xx_hal_rcc.o
                0x0000000008000a88                HAL_RCC_GetHCLKFreq
 .text.HD44780_init
                0x0000000008000a94       0x36 Src/HD44780.o
                0x0000000008000a94                HD44780_init
 .text.HD44780_pulseEnable
                0x0000000008000aca       0x36 Src/HD44780.o
                0x0000000008000aca                HD44780_pulseEnable
 .text.HD44780_write4bits
                0x0000000008000b00       0x34 Src/HD44780.o
                0x0000000008000b00                HD44780_write4bits
 .text.HD44780_send
                0x0000000008000b34       0x20 Src/HD44780.o
                0x0000000008000b34                HD44780_send
 .text.HD44780_write
                0x0000000008000b54        0xa Src/HD44780.o
                0x0000000008000b54                HD44780_write
 .text.HD44780_clear
                0x0000000008000b5e       0x14 Src/HD44780.o
                0x0000000008000b5e                HD44780_clear
 .text.HD44780_display
                0x0000000008000b72       0x16 Src/HD44780.o
                0x0000000008000b72                HD44780_display
 .text.HD44780_begin
                0x0000000008000b88       0xd6 Src/HD44780.o
                0x0000000008000b88                HD44780_begin
 .text.HD44780_print_byte
                0x0000000008000c5e        0x8 Src/HD44780.o
                0x0000000008000c5e                HD44780_print_byte
 .text.HD44780_print_string
                0x0000000008000c66       0x18 Src/HD44780.o
                0x0000000008000c66                HD44780_print_string
 *fill*         0x0000000008000c7e        0x2 
 .text.HD44780_setCursor
                0x0000000008000c80       0x48 Src/HD44780.o
                0x0000000008000c80                HD44780_setCursor
 .text.SystemClock_Config
                0x0000000008000cc8       0x44 Src/main.o
                0x0000000008000cc8                SystemClock_Config
 .text.main     0x0000000008000d0c      0x118 Src/main.o
                0x0000000008000d0c                main
 .text.pinMode  0x0000000008000e24       0x48 Src/port.o
                0x0000000008000e24                pinMode
 .text.digitalWrite
                0x0000000008000e6c       0x18 Src/port.o
                0x0000000008000e6c                digitalWrite
 .text.delaySetup
                0x0000000008000e84       0x3c Src/port.o
                0x0000000008000e84                delaySetup
 .text.delayMicroseconds
                0x0000000008000ec0       0x2c Src/port.o
                0x0000000008000ec0                delayMicroseconds
 .text.delayMilliseconds
                0x0000000008000eec       0x38 Src/port.o
                0x0000000008000eec                delayMilliseconds
 .text.HAL_MspInit
                0x0000000008000f24       0x44 Src/stm32f1xx_hal_msp.o
                0x0000000008000f24                HAL_MspInit
 .text.NMI_Handler
                0x0000000008000f68        0x2 Src/stm32f1xx_it.o
                0x0000000008000f68                NMI_Handler
 .text.HardFault_Handler
                0x0000000008000f6a        0x2 Src/stm32f1xx_it.o
                0x0000000008000f6a                HardFault_Handler
 .text.MemManage_Handler
                0x0000000008000f6c        0x2 Src/stm32f1xx_it.o
                0x0000000008000f6c                MemManage_Handler
 .text.BusFault_Handler
                0x0000000008000f6e        0x2 Src/stm32f1xx_it.o
                0x0000000008000f6e                BusFault_Handler
 .text.UsageFault_Handler
                0x0000000008000f70        0x2 Src/stm32f1xx_it.o
                0x0000000008000f70                UsageFault_Handler
 .text.SVC_Handler
                0x0000000008000f72        0x2 Src/stm32f1xx_it.o
                0x0000000008000f72                SVC_Handler
 .text.DebugMon_Handler
                0x0000000008000f74        0x2 Src/stm32f1xx_it.o
                0x0000000008000f74                DebugMon_Handler
 .text.PendSV_Handler
                0x0000000008000f76        0x2 Src/stm32f1xx_it.o
                0x0000000008000f76                PendSV_Handler
 .text.SysTick_Handler
                0x0000000008000f78        0x8 Src/stm32f1xx_it.o
                0x0000000008000f78                SysTick_Handler
 .text.SystemInit
                0x0000000008000f80       0x4c Src/system_stm32f1xx.o
                0x0000000008000f80                SystemInit
 .text.Reset_Handler
                0x0000000008000fcc       0x48 startup/startup_stm32f103xb.o
                0x0000000008000fcc                Reset_Handler
 .text.Default_Handler
                0x0000000008001014        0x2 startup/startup_stm32f103xb.o
                0x0000000008001014                RTC_Alarm_IRQHandler
                0x0000000008001014                EXTI2_IRQHandler
                0x0000000008001014                TIM1_CC_IRQHandler
                0x0000000008001014                PVD_IRQHandler
                0x0000000008001014                EXTI3_IRQHandler
                0x0000000008001014                EXTI0_IRQHandler
                0x0000000008001014                I2C2_EV_IRQHandler
                0x0000000008001014                ADC1_2_IRQHandler
                0x0000000008001014                SPI1_IRQHandler
                0x0000000008001014                TAMPER_IRQHandler
                0x0000000008001014                DMA1_Channel4_IRQHandler
                0x0000000008001014                USART3_IRQHandler
                0x0000000008001014                RTC_IRQHandler
                0x0000000008001014                DMA1_Channel7_IRQHandler
                0x0000000008001014                CAN1_RX1_IRQHandler
                0x0000000008001014                TIM4_IRQHandler
                0x0000000008001014                I2C1_EV_IRQHandler
                0x0000000008001014                DMA1_Channel6_IRQHandler
                0x0000000008001014                TIM3_IRQHandler
                0x0000000008001014                RCC_IRQHandler
                0x0000000008001014                TIM1_TRG_COM_IRQHandler
                0x0000000008001014                DMA1_Channel1_IRQHandler
                0x0000000008001014                Default_Handler
                0x0000000008001014                EXTI15_10_IRQHandler
                0x0000000008001014                EXTI9_5_IRQHandler
                0x0000000008001014                SPI2_IRQHandler
                0x0000000008001014                DMA1_Channel5_IRQHandler
                0x0000000008001014                EXTI4_IRQHandler
                0x0000000008001014                USB_LP_CAN1_RX0_IRQHandler
                0x0000000008001014                USB_HP_CAN1_TX_IRQHandler
                0x0000000008001014                DMA1_Channel3_IRQHandler
                0x0000000008001014                TIM1_UP_IRQHandler
                0x0000000008001014                WWDG_IRQHandler
                0x0000000008001014                TIM2_IRQHandler
                0x0000000008001014                TIM1_BRK_IRQHandler
                0x0000000008001014                EXTI1_IRQHandler
                0x0000000008001014                USART2_IRQHandler
                0x0000000008001014                I2C2_ER_IRQHandler
                0x0000000008001014                DMA1_Channel2_IRQHandler
                0x0000000008001014                CAN1_SCE_IRQHandler
                0x0000000008001014                FLASH_IRQHandler
                0x0000000008001014                USART1_IRQHandler
                0x0000000008001014                I2C1_ER_IRQHandler
                0x0000000008001014                USBWakeUp_IRQHandler
 *fill*         0x0000000008001016        0x2 
 .text.__libc_init_array
                0x0000000008001018       0x48 /home/raul/Ac6/SystemWorkbench/plugins/fr.ac6.mcu.externaltools.arm-none.linux64_1.16.0.201807130628/tools/compiler/bin/../lib/gcc/arm-none-eabi/7.2.1/../../../../arm-none-eabi/lib/thumb/v7-m/libc_nano.a(lib_a-init.o)
                0x0000000008001018                __libc_init_array
 .text.memset   0x0000000008001060       0x10 /home/raul/Ac6/SystemWorkbench/plugins/fr.ac6.mcu.externaltools.arm-none.linux64_1.16.0.201807130628/tools/compiler/bin/../lib/gcc/arm-none-eabi/7.2.1/../../../../arm-none-eabi/lib/thumb/v7-m/libc_nano.a(lib_a-memset.o)
                0x0000000008001060                memset
 *(.glue_7)
 .glue_7        0x0000000008001070        0x0 linker stubs
 *(.glue_7t)
 .glue_7t       0x0000000008001070        0x0 linker stubs
 *(.eh_frame)
 .eh_frame      0x0000000008001070        0x0 /home/raul/Ac6/SystemWorkbench/plugins/fr.ac6.mcu.externaltools.arm-none.linux64_1.16.0.201807130628/tools/compiler/bin/../lib/gcc/arm-none-eabi/7.2.1/thumb/v7-m/crtbegin.o
 *(.init)
 .init          0x0000000008001070        0x4 /home/raul/Ac6/SystemWorkbench/plugins/fr.ac6.mcu.externaltools.arm-none.linux64_1.16.0.201807130628/tools/compiler/bin/../lib/gcc/arm-none-eabi/7.2.1/thumb/v7-m/crti.o
                0x0000000008001070                _init
 .init          0x0000000008001074        0x8 /home/raul/Ac6/SystemWorkbench/plugins/fr.ac6.mcu.externaltools.arm-none.linux64_1.16.0.201807130628/tools/compiler/bin/../lib/gcc/arm-none-eabi/7.2.1/thumb/v7-m/crtn.o
 *(.fini)
 .fini          0x000000000800107c        0x4 /home/raul/Ac6/SystemWorkbench/plugins/fr.ac6.mcu.externaltools.arm-none.linux64_1.16.0.201807130628/tools/compiler/bin/../lib/gcc/arm-none-eabi/7.2.1/thumb/v7-m/crti.o
                0x000000000800107c                _fini
 .fini          0x0000000008001080        0x8 /home/raul/Ac6/SystemWorkbench/plugins/fr.ac6.mcu.externaltools.arm-none.linux64_1.16.0.201807130628/tools/compiler/bin/../lib/gcc/arm-none-eabi/7.2.1/thumb/v7-m/crtn.o
                0x0000000008001088                . = ALIGN (0x4)
                0x0000000008001088                _etext = .

.vfp11_veneer   0x0000000008001088        0x0
 .vfp11_veneer  0x0000000008001088        0x0 linker stubs

.v4_bx          0x0000000008001088        0x0
 .v4_bx         0x0000000008001088        0x0 linker stubs

.iplt           0x0000000008001088        0x0
 .iplt          0x0000000008001088        0x0 /home/raul/Ac6/SystemWorkbench/plugins/fr.ac6.mcu.externaltools.arm-none.linux64_1.16.0.201807130628/tools/compiler/bin/../lib/gcc/arm-none-eabi/7.2.1/thumb/v7-m/crtbegin.o

.rodata         0x0000000008001088       0x4c
                0x0000000008001088                . = ALIGN (0x4)
 *(.rodata)
 .rodata        0x0000000008001088       0x12 Drivers/STM32F1xx_HAL_Driver/Src/stm32f1xx_hal_rcc.o
 *fill*         0x000000000800109a        0x2 
 .rodata        0x000000000800109c       0x10 Src/HD44780.o
 .rodata        0x00000000080010ac       0x18 Src/system_stm32f1xx.o
                0x00000000080010ac                AHBPrescTable
                0x00000000080010bc                APBPrescTable
 *(.rodata*)
 .rodata.str1.4
                0x00000000080010c4       0x10 Src/main.o
                                          0xf (size before relaxing)
                0x00000000080010d4                . = ALIGN (0x4)

.rel.dyn        0x00000000080010d4        0x0
 .rel.iplt      0x00000000080010d4        0x0 /home/raul/Ac6/SystemWorkbench/plugins/fr.ac6.mcu.externaltools.arm-none.linux64_1.16.0.201807130628/tools/compiler/bin/../lib/gcc/arm-none-eabi/7.2.1/thumb/v7-m/crtbegin.o

.ARM.extab
 *(.ARM.extab* .gnu.linkonce.armextab.*)

.ARM            0x00000000080010d4        0x0
                0x00000000080010d4                __exidx_start = .
 *(.ARM.exidx*)
                0x00000000080010d4                __exidx_end = .

.preinit_array  0x00000000080010d4        0x0
                0x00000000080010d4                PROVIDE (__preinit_array_start, .)
 *(.preinit_array*)
                0x00000000080010d4                PROVIDE (__preinit_array_end, .)

.init_array     0x00000000080010d4        0x4
                0x00000000080010d4                PROVIDE (__init_array_start, .)
 *(SORT_BY_NAME(.init_array.*))
 *(.init_array*)
 .init_array    0x00000000080010d4        0x4 /home/raul/Ac6/SystemWorkbench/plugins/fr.ac6.mcu.externaltools.arm-none.linux64_1.16.0.201807130628/tools/compiler/bin/../lib/gcc/arm-none-eabi/7.2.1/thumb/v7-m/crtbegin.o
                0x00000000080010d8                PROVIDE (__init_array_end, .)

.fini_array     0x00000000080010d8        0x4
                [!provide]                        PROVIDE (__fini_array_start, .)
 *(SORT_BY_NAME(.fini_array.*))
 *(.fini_array*)
 .fini_array    0x00000000080010d8        0x4 /home/raul/Ac6/SystemWorkbench/plugins/fr.ac6.mcu.externaltools.arm-none.linux64_1.16.0.201807130628/tools/compiler/bin/../lib/gcc/arm-none-eabi/7.2.1/thumb/v7-m/crtbegin.o
                [!provide]                        PROVIDE (__fini_array_end, .)
                0x00000000080010dc                _sidata = LOADADDR (.data)

.data           0x0000000020000000        0xc load address 0x00000000080010dc
                0x0000000020000000                . = ALIGN (0x4)
                0x0000000020000000                _sdata = .
 *(.data)
 .data          0x0000000020000000        0x8 Drivers/STM32F1xx_HAL_Driver/Src/stm32f1xx_hal.o
                0x0000000020000000                uwTickFreq
                0x0000000020000004                uwTickPrio
 .data          0x0000000020000008        0x4 Src/system_stm32f1xx.o
                0x0000000020000008                SystemCoreClock
 *(.data*)
                0x000000002000000c                . = ALIGN (0x4)
                0x000000002000000c                _edata = .

.igot.plt       0x000000002000000c        0x0 load address 0x00000000080010e8
 .igot.plt      0x000000002000000c        0x0 /home/raul/Ac6/SystemWorkbench/plugins/fr.ac6.mcu.externaltools.arm-none.linux64_1.16.0.201807130628/tools/compiler/bin/../lib/gcc/arm-none-eabi/7.2.1/thumb/v7-m/crtbegin.o
                0x000000002000000c                . = ALIGN (0x4)

.bss            0x000000002000000c       0x30 load address 0x00000000080010e8
                0x000000002000000c                _sbss = .
                0x000000002000000c                __bss_start__ = _sbss
 *(.bss)
 .bss           0x000000002000000c       0x1c /home/raul/Ac6/SystemWorkbench/plugins/fr.ac6.mcu.externaltools.arm-none.linux64_1.16.0.201807130628/tools/compiler/bin/../lib/gcc/arm-none-eabi/7.2.1/thumb/v7-m/crtbegin.o
 *(.bss*)
 *(COMMON)
 COMMON         0x0000000020000028        0x4 Drivers/STM32F1xx_HAL_Driver/Src/stm32f1xx_hal.o
                0x0000000020000028                uwTick
 COMMON         0x000000002000002c       0x10 Src/main.o
                0x000000002000002c                hd44780
                0x000000002000003c                . = ALIGN (0x4)
                0x000000002000003c                _ebss = .
                0x000000002000003c                __bss_end__ = _ebss

._user_heap_stack
                0x000000002000003c      0x604 load address 0x00000000080010e8
                0x0000000020000040                . = ALIGN (0x8)
 *fill*         0x000000002000003c        0x4 
                [!provide]                        PROVIDE (end, .)
                [!provide]                        PROVIDE (_end, .)
                0x0000000020000240                . = (. + _Min_Heap_Size)
 *fill*         0x0000000020000040      0x200 
                0x0000000020000640                . = (. + _Min_Stack_Size)
 *fill*         0x0000000020000240      0x400 
                0x0000000020000640                . = ALIGN (0x8)

/DISCARD/
 libc.a(*)
 libm.a(*)
 libgcc.a(*)

.ARM.attributes
                0x0000000000000000       0x29
 *(.ARM.attributes)
 .ARM.attributes
                0x0000000000000000       0x1d /home/raul/Ac6/SystemWorkbench/plugins/fr.ac6.mcu.externaltools.arm-none.linux64_1.16.0.201807130628/tools/compiler/bin/../lib/gcc/arm-none-eabi/7.2.1/thumb/v7-m/crti.o
 .ARM.attributes
                0x000000000000001d       0x2d /home/raul/Ac6/SystemWorkbench/plugins/fr.ac6.mcu.externaltools.arm-none.linux64_1.16.0.201807130628/tools/compiler/bin/../lib/gcc/arm-none-eabi/7.2.1/thumb/v7-m/crtbegin.o
 .ARM.attributes
                0x000000000000004a       0x33 Drivers/STM32F1xx_HAL_Driver/Src/stm32f1xx_hal.o
 .ARM.attributes
                0x000000000000007d       0x33 Drivers/STM32F1xx_HAL_Driver/Src/stm32f1xx_hal_cortex.o
 .ARM.attributes
                0x00000000000000b0       0x33 Drivers/STM32F1xx_HAL_Driver/Src/stm32f1xx_hal_gpio.o
 .ARM.attributes
                0x00000000000000e3       0x33 Drivers/STM32F1xx_HAL_Driver/Src/stm32f1xx_hal_rcc.o
 .ARM.attributes
                0x0000000000000116       0x33 Src/HD44780.o
 .ARM.attributes
                0x0000000000000149       0x33 Src/main.o
 .ARM.attributes
                0x000000000000017c       0x33 Src/port.o
 .ARM.attributes
                0x00000000000001af       0x33 Src/stm32f1xx_hal_msp.o
 .ARM.attributes
                0x00000000000001e2       0x33 Src/stm32f1xx_it.o
 .ARM.attributes
                0x0000000000000215       0x33 Src/system_stm32f1xx.o
 .ARM.attributes
                0x0000000000000248       0x21 startup/startup_stm32f103xb.o
 .ARM.attributes
                0x0000000000000269       0x2d /home/raul/Ac6/SystemWorkbench/plugins/fr.ac6.mcu.externaltools.arm-none.linux64_1.16.0.201807130628/tools/compiler/bin/../lib/gcc/arm-none-eabi/7.2.1/../../../../arm-none-eabi/lib/thumb/v7-m/libc_nano.a(lib_a-init.o)
 .ARM.attributes
                0x0000000000000296       0x2d /home/raul/Ac6/SystemWorkbench/plugins/fr.ac6.mcu.externaltools.arm-none.linux64_1.16.0.201807130628/tools/compiler/bin/../lib/gcc/arm-none-eabi/7.2.1/../../../../arm-none-eabi/lib/thumb/v7-m/libc_nano.a(lib_a-memset.o)
 .ARM.attributes
                0x00000000000002c3       0x1d /home/raul/Ac6/SystemWorkbench/plugins/fr.ac6.mcu.externaltools.arm-none.linux64_1.16.0.201807130628/tools/compiler/bin/../lib/gcc/arm-none-eabi/7.2.1/thumb/v7-m/crtn.o
OUTPUT(Display_stm32f103.elf elf32-littlearm)

.debug_info     0x0000000000000000     0x977c
 .debug_info    0x0000000000000000      0xfb4 Drivers/STM32F1xx_HAL_Driver/Src/stm32f1xx_hal.o
 .debug_info    0x0000000000000fb4     0x14bc Drivers/STM32F1xx_HAL_Driver/Src/stm32f1xx_hal_cortex.o
 .debug_info    0x0000000000002470      0xece Drivers/STM32F1xx_HAL_Driver/Src/stm32f1xx_hal_gpio.o
 .debug_info    0x000000000000333e     0x1236 Drivers/STM32F1xx_HAL_Driver/Src/stm32f1xx_hal_rcc.o
 .debug_info    0x0000000000004574     0x11e8 Src/HD44780.o
 .debug_info    0x000000000000575c     0x1020 Src/main.o
 .debug_info    0x000000000000677c      0xe60 Src/port.o
 .debug_info    0x00000000000075dc      0xaec Src/stm32f1xx_hal_msp.o
 .debug_info    0x00000000000080c8      0xa36 Src/stm32f1xx_it.o
 .debug_info    0x0000000000008afe      0xc5c Src/system_stm32f1xx.o
 .debug_info    0x000000000000975a       0x22 startup/startup_stm32f103xb.o

.debug_abbrev   0x0000000000000000     0x1b3f
 .debug_abbrev  0x0000000000000000      0x301 Drivers/STM32F1xx_HAL_Driver/Src/stm32f1xx_hal.o
 .debug_abbrev  0x0000000000000301      0x3cd Drivers/STM32F1xx_HAL_Driver/Src/stm32f1xx_hal_cortex.o
 .debug_abbrev  0x00000000000006ce      0x2a7 Drivers/STM32F1xx_HAL_Driver/Src/stm32f1xx_hal_gpio.o
 .debug_abbrev  0x0000000000000975      0x335 Drivers/STM32F1xx_HAL_Driver/Src/stm32f1xx_hal_rcc.o
 .debug_abbrev  0x0000000000000caa      0x2c0 Src/HD44780.o
 .debug_abbrev  0x0000000000000f6a      0x29f Src/main.o
 .debug_abbrev  0x0000000000001209      0x2fe Src/port.o
 .debug_abbrev  0x0000000000001507      0x1fd Src/stm32f1xx_hal_msp.o
 .debug_abbrev  0x0000000000001704      0x201 Src/stm32f1xx_it.o
 .debug_abbrev  0x0000000000001905      0x228 Src/system_stm32f1xx.o
 .debug_abbrev  0x0000000000001b2d       0x12 startup/startup_stm32f103xb.o

.debug_loc      0x0000000000000000     0x1822
 .debug_loc     0x0000000000000000       0xfd Drivers/STM32F1xx_HAL_Driver/Src/stm32f1xx_hal.o
 .debug_loc     0x00000000000000fd      0x5ad Drivers/STM32F1xx_HAL_Driver/Src/stm32f1xx_hal_cortex.o
 .debug_loc     0x00000000000006aa      0x44e Drivers/STM32F1xx_HAL_Driver/Src/stm32f1xx_hal_gpio.o
 .debug_loc     0x0000000000000af8      0x4f6 Drivers/STM32F1xx_HAL_Driver/Src/stm32f1xx_hal_rcc.o
 .debug_loc     0x0000000000000fee      0x56a Src/HD44780.o
 .debug_loc     0x0000000000001558      0x1eb Src/port.o
 .debug_loc     0x0000000000001743       0xdf Src/system_stm32f1xx.o

.debug_aranges  0x0000000000000000      0x408
 .debug_aranges
                0x0000000000000000       0xd0 Drivers/STM32F1xx_HAL_Driver/Src/stm32f1xx_hal.o
 .debug_aranges
                0x00000000000000d0       0x90 Drivers/STM32F1xx_HAL_Driver/Src/stm32f1xx_hal_cortex.o
 .debug_aranges
                0x0000000000000160       0x58 Drivers/STM32F1xx_HAL_Driver/Src/stm32f1xx_hal_gpio.o
 .debug_aranges
                0x00000000000001b8       0x90 Drivers/STM32F1xx_HAL_Driver/Src/stm32f1xx_hal_rcc.o
 .debug_aranges
                0x0000000000000248       0x78 Src/HD44780.o
 .debug_aranges
                0x00000000000002c0       0x30 Src/main.o
 .debug_aranges
                0x00000000000002f0       0x48 Src/port.o
 .debug_aranges
                0x0000000000000338       0x20 Src/stm32f1xx_hal_msp.o
 .debug_aranges
                0x0000000000000358       0x60 Src/stm32f1xx_it.o
 .debug_aranges
                0x00000000000003b8       0x28 Src/system_stm32f1xx.o
 .debug_aranges
                0x00000000000003e0       0x28 startup/startup_stm32f103xb.o

.debug_ranges   0x0000000000000000      0x3e0
 .debug_ranges  0x0000000000000000       0xc0 Drivers/STM32F1xx_HAL_Driver/Src/stm32f1xx_hal.o
 .debug_ranges  0x00000000000000c0       0xe0 Drivers/STM32F1xx_HAL_Driver/Src/stm32f1xx_hal_cortex.o
 .debug_ranges  0x00000000000001a0       0x48 Drivers/STM32F1xx_HAL_Driver/Src/stm32f1xx_hal_gpio.o
 .debug_ranges  0x00000000000001e8       0xa0 Drivers/STM32F1xx_HAL_Driver/Src/stm32f1xx_hal_rcc.o
 .debug_ranges  0x0000000000000288       0x68 Src/HD44780.o
 .debug_ranges  0x00000000000002f0       0x20 Src/main.o
 .debug_ranges  0x0000000000000310       0x38 Src/port.o
 .debug_ranges  0x0000000000000348       0x10 Src/stm32f1xx_hal_msp.o
 .debug_ranges  0x0000000000000358       0x50 Src/stm32f1xx_it.o
 .debug_ranges  0x00000000000003a8       0x18 Src/system_stm32f1xx.o
 .debug_ranges  0x00000000000003c0       0x20 startup/startup_stm32f103xb.o

.debug_macro    0x0000000000000000    0x1453b
 .debug_macro   0x0000000000000000      0x2ea Drivers/STM32F1xx_HAL_Driver/Src/stm32f1xx_hal.o
 .debug_macro   0x00000000000002ea      0xa60 Drivers/STM32F1xx_HAL_Driver/Src/stm32f1xx_hal.o
 .debug_macro   0x0000000000000d4a      0x163 Drivers/STM32F1xx_HAL_Driver/Src/stm32f1xx_hal.o
 .debug_macro   0x0000000000000ead       0x2e Drivers/STM32F1xx_HAL_Driver/Src/stm32f1xx_hal.o
 .debug_macro   0x0000000000000edb       0x22 Drivers/STM32F1xx_HAL_Driver/Src/stm32f1xx_hal.o
 .debug_macro   0x0000000000000efd       0x22 Drivers/STM32F1xx_HAL_Driver/Src/stm32f1xx_hal.o
 .debug_macro   0x0000000000000f1f       0x87 Drivers/STM32F1xx_HAL_Driver/Src/stm32f1xx_hal.o
 .debug_macro   0x0000000000000fa6       0x51 Drivers/STM32F1xx_HAL_Driver/Src/stm32f1xx_hal.o
 .debug_macro   0x0000000000000ff7       0xef Drivers/STM32F1xx_HAL_Driver/Src/stm32f1xx_hal.o
 .debug_macro   0x00000000000010e6       0x6a Drivers/STM32F1xx_HAL_Driver/Src/stm32f1xx_hal.o
 .debug_macro   0x0000000000001150      0x1df Drivers/STM32F1xx_HAL_Driver/Src/stm32f1xx_hal.o
 .debug_macro   0x000000000000132f       0x34 Drivers/STM32F1xx_HAL_Driver/Src/stm32f1xx_hal.o
 .debug_macro   0x0000000000001363       0x34 Drivers/STM32F1xx_HAL_Driver/Src/stm32f1xx_hal.o
 .debug_macro   0x0000000000001397      0xb8e Drivers/STM32F1xx_HAL_Driver/Src/stm32f1xx_hal.o
 .debug_macro   0x0000000000001f25     0xe911 Drivers/STM32F1xx_HAL_Driver/Src/stm32f1xx_hal.o
 .debug_macro   0x0000000000010836       0x43 Drivers/STM32F1xx_HAL_Driver/Src/stm32f1xx_hal.o
 .debug_macro   0x0000000000010879       0x58 Drivers/STM32F1xx_HAL_Driver/Src/stm32f1xx_hal.o
 .debug_macro   0x00000000000108d1       0x17 Drivers/STM32F1xx_HAL_Driver/Src/stm32f1xx_hal.o
 .debug_macro   0x00000000000108e8       0x35 Drivers/STM32F1xx_HAL_Driver/Src/stm32f1xx_hal.o
 .debug_macro   0x000000000001091d       0x9c Drivers/STM32F1xx_HAL_Driver/Src/stm32f1xx_hal.o
 .debug_macro   0x00000000000109b9       0x16 Drivers/STM32F1xx_HAL_Driver/Src/stm32f1xx_hal.o
 .debug_macro   0x00000000000109cf       0x97 Drivers/STM32F1xx_HAL_Driver/Src/stm32f1xx_hal.o
 .debug_macro   0x0000000000010a66      0x330 Drivers/STM32F1xx_HAL_Driver/Src/stm32f1xx_hal.o
 .debug_macro   0x0000000000010d96       0xfd Drivers/STM32F1xx_HAL_Driver/Src/stm32f1xx_hal.o
 .debug_macro   0x0000000000010e93       0x10 Drivers/STM32F1xx_HAL_Driver/Src/stm32f1xx_hal.o
 .debug_macro   0x0000000000010ea3       0x58 Drivers/STM32F1xx_HAL_Driver/Src/stm32f1xx_hal.o
 .debug_macro   0x0000000000010efb       0x1f Drivers/STM32F1xx_HAL_Driver/Src/stm32f1xx_hal.o
 .debug_macro   0x0000000000010f1a       0x43 Drivers/STM32F1xx_HAL_Driver/Src/stm32f1xx_hal.o
 .debug_macro   0x0000000000010f5d       0x20 Drivers/STM32F1xx_HAL_Driver/Src/stm32f1xx_hal.o
 .debug_macro   0x0000000000010f7d      0x18e Drivers/STM32F1xx_HAL_Driver/Src/stm32f1xx_hal.o
 .debug_macro   0x000000000001110b       0x10 Drivers/STM32F1xx_HAL_Driver/Src/stm32f1xx_hal.o
 .debug_macro   0x000000000001111b       0x1c Drivers/STM32F1xx_HAL_Driver/Src/stm32f1xx_hal.o
 .debug_macro   0x0000000000011137       0x52 Drivers/STM32F1xx_HAL_Driver/Src/stm32f1xx_hal.o
 .debug_macro   0x0000000000011189       0x40 Drivers/STM32F1xx_HAL_Driver/Src/stm32f1xx_hal.o
 .debug_macro   0x00000000000111c9       0x10 Drivers/STM32F1xx_HAL_Driver/Src/stm32f1xx_hal.o
 .debug_macro   0x00000000000111d9       0x40 Drivers/STM32F1xx_HAL_Driver/Src/stm32f1xx_hal.o
 .debug_macro   0x0000000000011219       0xd7 Drivers/STM32F1xx_HAL_Driver/Src/stm32f1xx_hal.o
 .debug_macro   0x00000000000112f0       0x1c Drivers/STM32F1xx_HAL_Driver/Src/stm32f1xx_hal.o
 .debug_macro   0x000000000001130c       0x3d Drivers/STM32F1xx_HAL_Driver/Src/stm32f1xx_hal.o
 .debug_macro   0x0000000000011349       0x16 Drivers/STM32F1xx_HAL_Driver/Src/stm32f1xx_hal.o
 .debug_macro   0x000000000001135f      0x16f Drivers/STM32F1xx_HAL_Driver/Src/stm32f1xx_hal.o
 .debug_macro   0x00000000000114ce       0x50 Drivers/STM32F1xx_HAL_Driver/Src/stm32f1xx_hal.o
 .debug_macro   0x000000000001151e      0x5c2 Drivers/STM32F1xx_HAL_Driver/Src/stm32f1xx_hal.o
 .debug_macro   0x0000000000011ae0      0x28a Drivers/STM32F1xx_HAL_Driver/Src/stm32f1xx_hal.o
 .debug_macro   0x0000000000011d6a      0x1cb Drivers/STM32F1xx_HAL_Driver/Src/stm32f1xx_hal.o
 .debug_macro   0x0000000000011f35      0x11e Drivers/STM32F1xx_HAL_Driver/Src/stm32f1xx_hal.o
 .debug_macro   0x0000000000012053      0x1b3 Drivers/STM32F1xx_HAL_Driver/Src/stm32f1xx_hal.o
 .debug_macro   0x0000000000012206       0x27 Drivers/STM32F1xx_HAL_Driver/Src/stm32f1xx_hal.o
 .debug_macro   0x000000000001222d      0x1bc Drivers/STM32F1xx_HAL_Driver/Src/stm32f1xx_hal.o
 .debug_macro   0x00000000000123e9       0x34 Drivers/STM32F1xx_HAL_Driver/Src/stm32f1xx_hal.o
 .debug_macro   0x000000000001241d       0x3c Drivers/STM32F1xx_HAL_Driver/Src/stm32f1xx_hal.o
 .debug_macro   0x0000000000012459       0x57 Drivers/STM32F1xx_HAL_Driver/Src/stm32f1xx_hal.o
 .debug_macro   0x00000000000124b0       0x8c Drivers/STM32F1xx_HAL_Driver/Src/stm32f1xx_hal.o
 .debug_macro   0x000000000001253c      0x242 Drivers/STM32F1xx_HAL_Driver/Src/stm32f1xx_hal.o
 .debug_macro   0x000000000001277e      0x143 Drivers/STM32F1xx_HAL_Driver/Src/stm32f1xx_hal.o
 .debug_macro   0x00000000000128c1       0x83 Drivers/STM32F1xx_HAL_Driver/Src/stm32f1xx_hal.o
 .debug_macro   0x0000000000012944      0x2c6 Drivers/STM32F1xx_HAL_Driver/Src/stm32f1xx_hal_cortex.o
 .debug_macro   0x0000000000012c0a      0x336 Drivers/STM32F1xx_HAL_Driver/Src/stm32f1xx_hal_gpio.o
 .debug_macro   0x0000000000012f40      0x2d8 Drivers/STM32F1xx_HAL_Driver/Src/stm32f1xx_hal_rcc.o
 .debug_macro   0x0000000000013218      0x2e2 Src/HD44780.o
 .debug_macro   0x00000000000134fa       0x22 Src/HD44780.o
 .debug_macro   0x000000000001351c       0xac Src/HD44780.o
 .debug_macro   0x00000000000135c8       0x3a Src/HD44780.o
 .debug_macro   0x0000000000013602      0x324 Src/main.o
 .debug_macro   0x0000000000013926       0xb2 Src/main.o
 .debug_macro   0x00000000000139d8      0x2ed Src/port.o
 .debug_macro   0x0000000000013cc5      0x2d0 Src/stm32f1xx_hal_msp.o
 .debug_macro   0x0000000000013f95      0x2da Src/stm32f1xx_it.o
 .debug_macro   0x000000000001426f      0x2cc Src/system_stm32f1xx.o

.debug_line     0x0000000000000000     0x504b
 .debug_line    0x0000000000000000      0x893 Drivers/STM32F1xx_HAL_Driver/Src/stm32f1xx_hal.o
 .debug_line    0x0000000000000893      0x8ab Drivers/STM32F1xx_HAL_Driver/Src/stm32f1xx_hal_cortex.o
 .debug_line    0x000000000000113e      0x890 Drivers/STM32F1xx_HAL_Driver/Src/stm32f1xx_hal_gpio.o
 .debug_line    0x00000000000019ce      0x9b1 Drivers/STM32F1xx_HAL_Driver/Src/stm32f1xx_hal_rcc.o
 .debug_line    0x000000000000237f      0x82c Src/HD44780.o
 .debug_line    0x0000000000002bab      0x75d Src/main.o
 .debug_line    0x0000000000003308      0x76b Src/port.o
 .debug_line    0x0000000000003a73      0x6de Src/stm32f1xx_hal_msp.o
 .debug_line    0x0000000000004151      0x76d Src/stm32f1xx_it.o
 .debug_line    0x00000000000048be      0x710 Src/system_stm32f1xx.o
 .debug_line    0x0000000000004fce       0x7d startup/startup_stm32f103xb.o

.debug_str      0x0000000000000000    0x68cd7
 .debug_str     0x0000000000000000    0x67b69 Drivers/STM32F1xx_HAL_Driver/Src/stm32f1xx_hal.o
                                      0x67ef7 (size before relaxing)
 .debug_str     0x0000000000067b69      0x2e1 Drivers/STM32F1xx_HAL_Driver/Src/stm32f1xx_hal_cortex.o
                                      0x67ec6 (size before relaxing)
 .debug_str     0x0000000000067e4a      0x3b0 Drivers/STM32F1xx_HAL_Driver/Src/stm32f1xx_hal_gpio.o
                                      0x67c0d (size before relaxing)
 .debug_str     0x00000000000681fa      0x368 Drivers/STM32F1xx_HAL_Driver/Src/stm32f1xx_hal_rcc.o
                                      0x67c62 (size before relaxing)
 .debug_str     0x0000000000068562      0x413 Src/HD44780.o
                                      0x67be5 (size before relaxing)
 .debug_str     0x0000000000068975       0xe4 Src/main.o
                                      0x67dca (size before relaxing)
 .debug_str     0x0000000000068a59      0x112 Src/port.o
                                      0x67a22 (size before relaxing)
 .debug_str     0x0000000000068b6b       0x1b Src/stm32f1xx_hal_msp.o
                                      0x67851 (size before relaxing)
 .debug_str     0x0000000000068b86       0xb8 Src/stm32f1xx_it.o
                                      0x6787a (size before relaxing)
 .debug_str     0x0000000000068c3e       0x69 Src/system_stm32f1xx.o
                                      0x678b8 (size before relaxing)
 .debug_str     0x0000000000068ca7       0x30 startup/startup_stm32f103xb.o
                                         0x5d (size before relaxing)

.comment        0x0000000000000000       0x7e
 .comment       0x0000000000000000       0x7e Drivers/STM32F1xx_HAL_Driver/Src/stm32f1xx_hal.o
                                         0x7f (size before relaxing)
 .comment       0x000000000000007e       0x7f Drivers/STM32F1xx_HAL_Driver/Src/stm32f1xx_hal_cortex.o
 .comment       0x000000000000007e       0x7f Drivers/STM32F1xx_HAL_Driver/Src/stm32f1xx_hal_gpio.o
 .comment       0x000000000000007e       0x7f Drivers/STM32F1xx_HAL_Driver/Src/stm32f1xx_hal_rcc.o
 .comment       0x000000000000007e       0x7f Src/HD44780.o
 .comment       0x000000000000007e       0x7f Src/main.o
 .comment       0x000000000000007e       0x7f Src/port.o
 .comment       0x000000000000007e       0x7f Src/stm32f1xx_hal_msp.o
 .comment       0x000000000000007e       0x7f Src/stm32f1xx_it.o
 .comment       0x000000000000007e       0x7f Src/system_stm32f1xx.o

.debug_frame    0x0000000000000000      0x8c4
 .debug_frame   0x0000000000000000      0x1ac Drivers/STM32F1xx_HAL_Driver/Src/stm32f1xx_hal.o
 .debug_frame   0x00000000000001ac      0x12c Drivers/STM32F1xx_HAL_Driver/Src/stm32f1xx_hal_cortex.o
 .debug_frame   0x00000000000002d8       0xd4 Drivers/STM32F1xx_HAL_Driver/Src/stm32f1xx_hal_gpio.o
 .debug_frame   0x00000000000003ac      0x174 Drivers/STM32F1xx_HAL_Driver/Src/stm32f1xx_hal_rcc.o
 .debug_frame   0x0000000000000520      0x154 Src/HD44780.o
 .debug_frame   0x0000000000000674       0x58 Src/main.o
 .debug_frame   0x00000000000006cc       0xac Src/port.o
 .debug_frame   0x0000000000000778       0x28 Src/stm32f1xx_hal_msp.o
 .debug_frame   0x00000000000007a0       0xa8 Src/stm32f1xx_it.o
 .debug_frame   0x0000000000000848       0x30 Src/system_stm32f1xx.o
 .debug_frame   0x0000000000000878       0x2c /home/raul/Ac6/SystemWorkbench/plugins/fr.ac6.mcu.externaltools.arm-none.linux64_1.16.0.201807130628/tools/compiler/bin/../lib/gcc/arm-none-eabi/7.2.1/../../../../arm-none-eabi/lib/thumb/v7-m/libc_nano.a(lib_a-init.o)
 .debug_frame   0x00000000000008a4       0x20 /home/raul/Ac6/SystemWorkbench/plugins/fr.ac6.mcu.externaltools.arm-none.linux64_1.16.0.201807130628/tools/compiler/bin/../lib/gcc/arm-none-eabi/7.2.1/../../../../arm-none-eabi/lib/thumb/v7-m/libc_nano.a(lib_a-memset.o)
